<?xml version="1.0" encoding="UTF-8"?>
<TestRun id="7e75b821-ff7c-49aa-bebd-b06bdc5a2e07" name="Steven.Suing@L00536 2011-02-28 14:55:36" runUser="APPLIEDIS\Steven.Suing" xmlns="http://microsoft.com/schemas/VisualStudio/TeamTest/2010">
  <TestSettings name="Local" id="5f54e2a6-a299-441a-a516-ceb675508073">
    <Description>These are default test settings for a local test run.</Description>
    <Deployment userDeploymentRoot="C:\Users\steven.suing\Documents\Visual Studio 2010\Projects\Movies\TestResults" useDefaultDeploymentRoot="false" enabled="false" runDeploymentRoot="Steven.Suing_L00536 2011-02-28 14_55_36">
      <DeploymentItem filename="C:\TFS\SDC\MSI\Product Lines\Policy\Geico.Msi.PolicySystem.Cycle.PolicyServices\Dev\Tatooine\packages\structuremap.2.6.1.0\automocking\StructureMap.AutoMocking.dll" />
      <DeploymentItem filename="C:\Users\steven.suing\Documents\Visual Studio 2010\Projects\Movies\lib\Microsoft.Net.Http.dll" />
      <DeploymentItem filename="C:\Users\steven.suing\Documents\Visual Studio 2010\Projects\Movies\packages\structuremap.2.6.1.0\lib\StructureMap.dll" />
      <DeploymentItem filename="C:\Users\steven.suing\Documents\Visual Studio 2010\Projects\Movies\packages\Moq.4.0.0.0\lib\Moq.dll" />
      <DeploymentItem filename="C:\Users\steven.suing\Documents\Visual Studio 2010\Projects\Movies\Movies.Business\bin\Debug\Movies.Business.dll" />
      <DeploymentItem filename="C:\Users\steven.suing\Documents\Visual Studio 2010\Projects\Movies\Movies.Data\bin\Debug\Movies.Data.dll" />
      <DeploymentItem filename="C:\Users\steven.suing\Documents\Visual Studio 2010\Projects\Movies\packages\FluentValidation.2.0.0.0\lib\NET35\FluentValidation.dll" />
      <DeploymentItem filename="C:\Users\steven.suing\Documents\Visual Studio 2010\Projects\Movies\lib\Microsoft.Http.Extensions.dll" />
      <DeploymentItem filename="C:\Users\steven.suing\Documents\Visual Studio 2010\Projects\Movies\Movies.Service\bin\Movies.Service.dll" />
      <DeploymentItem filename="C:\Users\steven.suing\Documents\Visual Studio 2010\Projects\Movies\Movies\bin\Movies.dll" />
      <DeploymentItem filename="C:\Users\steven.suing\Documents\Visual Studio 2010\Projects\Movies\packages\FluentAssertions.1.3.0.1\lib\FluentAssertions.dll" />
    </Deployment>
    <Execution>
      <TestTypeSpecific />
      <AgentRule name="Execution Agents">
      </AgentRule>
    </Execution>
  </TestSettings>
  <Times creation="2011-02-28T14:55:36.1002099-05:00" queuing="2011-02-28T14:55:36.1042102-05:00" start="2011-02-28T14:55:36.1282115-05:00" finish="2011-02-28T14:55:36.6912438-05:00" />
  <ResultSummary outcome="Failed">
    <Counters total="2" executed="2" error="0" failed="2" timeout="0" aborted="0" inconclusive="0" passedButRunAborted="0" notRunnable="0" notExecuted="0" disconnected="0" warning="0" passed="0" completed="0" inProgress="0" pending="0" />
  </ResultSummary>
  <TestDefinitions>
    <UnitTest name="GetMovieTest" storage="c:\users\steven.suing\documents\visual studio 2010\projects\movies\movies.test\bin\debug\movies.test.dll" id="5bbae043-482d-d28b-9bc6-8146bb49c9fa">
      <Execution id="4b779806-b06a-48e3-b8d6-8a51f149e194" />
      <TestMethod codeBase="C:/Users/steven.suing/Documents/Visual Studio 2010/Projects/Movies/Movies.Test/bin/Debug/Movies.Test.DLL" adapterTypeName="Microsoft.VisualStudio.TestTools.TestTypes.Unit.UnitTestAdapter, Microsoft.VisualStudio.QualityTools.Tips.UnitTest.Adapter, Version=10.0.0.0, Culture=neutral, PublicKeyToken=b03f5f7f11d50a3a" className="Movies.Business.Test.IMovieAgentTest, Movies.Test, Version=1.0.0.0, Culture=neutral, PublicKeyToken=null" name="GetMovieTest" />
    </UnitTest>
    <UnitTest name="SaveMovieTest" storage="c:\users\steven.suing\documents\visual studio 2010\projects\movies\movies.test\bin\debug\movies.test.dll" id="ec0008f7-4ea6-7a5f-7674-17d776b8babb">
      <Execution id="05f49073-adbf-46c2-93ed-bacc2d7882b6" />
      <TestMethod codeBase="C:/Users/steven.suing/Documents/Visual Studio 2010/Projects/Movies/Movies.Test/bin/Debug/Movies.Test.DLL" adapterTypeName="Microsoft.VisualStudio.TestTools.TestTypes.Unit.UnitTestAdapter, Microsoft.VisualStudio.QualityTools.Tips.UnitTest.Adapter, Version=10.0.0.0, Culture=neutral, PublicKeyToken=b03f5f7f11d50a3a" className="Movies.Business.Test.IMovieAgentTest, Movies.Test, Version=1.0.0.0, Culture=neutral, PublicKeyToken=null" name="SaveMovieTest" />
    </UnitTest>
  </TestDefinitions>
  <TestLists>
    <TestList name="Results Not in a List" id="8c84fa94-04c1-424b-9868-57a2d4851a1d" />
    <TestList name="All Loaded Results" id="19431567-8539-422a-85d7-44ee4e166bda" />
  </TestLists>
  <TestEntries>
    <TestEntry testId="5bbae043-482d-d28b-9bc6-8146bb49c9fa" executionId="4b779806-b06a-48e3-b8d6-8a51f149e194" testListId="8c84fa94-04c1-424b-9868-57a2d4851a1d" />
    <TestEntry testId="ec0008f7-4ea6-7a5f-7674-17d776b8babb" executionId="05f49073-adbf-46c2-93ed-bacc2d7882b6" testListId="8c84fa94-04c1-424b-9868-57a2d4851a1d" />
  </TestEntries>
  <Results>
    <UnitTestResult executionId="4b779806-b06a-48e3-b8d6-8a51f149e194" testId="5bbae043-482d-d28b-9bc6-8146bb49c9fa" testName="GetMovieTest" computerName="L00536" duration="00:00:00.1624213" startTime="2011-02-28T14:55:36.2042159-05:00" endTime="2011-02-28T14:55:36.6232399-05:00" testType="13cdc9d9-ddb5-4fa4-a97d-d965ccfc6d4b" outcome="Failed" testListId="8c84fa94-04c1-424b-9868-57a2d4851a1d" relativeResultsDirectory="4b779806-b06a-48e3-b8d6-8a51f149e194">
      <Output>
        <ErrorInfo>
          <Message>Assert.AreEqual failed. Expected:&lt;Movies.Business.Model.Movie&gt;. Actual:&lt;Movies.Business.Model.Movie&gt;. </Message>
          <StackTrace>   at Movies.Business.Test.IMovieAgentTest.GetMovieTest() in C:\Users\steven.suing\Documents\Visual Studio 2010\Projects\Movies\Movies.Test\Business\IMovieAgentTest.cs:line 94
</StackTrace>
        </ErrorInfo>
      </Output>
    </UnitTestResult>
    <UnitTestResult executionId="05f49073-adbf-46c2-93ed-bacc2d7882b6" testId="ec0008f7-4ea6-7a5f-7674-17d776b8babb" testName="SaveMovieTest" computerName="L00536" duration="00:00:00.0046660" startTime="2011-02-28T14:55:36.6332404-05:00" endTime="2011-02-28T14:55:36.6432410-05:00" testType="13cdc9d9-ddb5-4fa4-a97d-d965ccfc6d4b" outcome="Failed" testListId="8c84fa94-04c1-424b-9868-57a2d4851a1d" relativeResultsDirectory="05f49073-adbf-46c2-93ed-bacc2d7882b6">
      <Output>
        <ErrorInfo>
          <Message>Test method Movies.Business.Test.IMovieAgentTest.SaveMovieTest threw exception: 
System.NotImplementedException: The method or operation is not implemented.</Message>
          <StackTrace>    at Movies.Business.Proxy.MovieAgent.SaveMovie(Movie movie) in C:\Users\steven.suing\Documents\Visual Studio 2010\Projects\Movies\Movies.Business\Proxy\MoviesAgent.cs:line 28
   at Movies.Business.Test.IMovieAgentTest.SaveMovieTest() in C:\Users\steven.suing\Documents\Visual Studio 2010\Projects\Movies\Movies.Test\Business\IMovieAgentTest.cs:line 107
</StackTrace>
        </ErrorInfo>
      </Output>
    </UnitTestResult>
  </Results>
</TestRun>